// Jest Snapshot v1, https://goo.gl/fbAQLP

exports[`matches snapshot 1`] = `
<DocumentFragment>
  <div>
    <form>
      <h3>
        Todo List:
      </h3>
      <input
        name="task"
        placeholder="Enter Task"
        type="text"
        value=""
      />
      <button>
        Add Todo
      </button>
    </form>
    <ul />
  </div>
</DocumentFragment>
`;
